-- rFunc-rename --
renaming "sFunc" to "rFunc" not possible because "github.com/o2lab/go-tools/internal/lsp/rename/bad" has errors
